[patwari.org/bd/bhikshaalya.html]
[backblue.gif]
[fade.gif]
[index.html]
[patwari.org/bd/topic.html]
[patwari.org/bd/overview.html]
[www.google-analytics.com/analytics.js]
[patwari.org/bd/bhikshaalya.html]
[patwari.org/bd/topic_files/filelist.xml]
[patwari.org/bd/topic_files/themedata.thmx]
[patwari.org/bd/topic_files/colorschememapping.xml]
[patwari.org/bd/topic_files/image001.gif]
[patwari.org/bd/topic_files/image003.jpg]
[patwari.org/bd/AkshayatrateeyaBichali2012/AkshayatrateeyaBichali2012.html]
[patwari.org/bd/AradhanaRayaraDarshana.html]
[patwari.org/bd/guidedtour.html]
[patwari.org/bd/Aradhana/AradhanaVideo.html]
[patwari.org/bd/pushkar/PushkarVideo.html]
[patwari.org/bd/flood/BichaliFloodvdeo.html]
[patwari.org/bd/b1.html]
[patwari.org/bd/b2.html]
[patwari.org/bd/b3.html]
[patwari.org/bd/b4.html]
[patwari.org/bd/b5.html]
[patwari.org/bd/b6.html]
[patwari.org/bd/b7.html]
[patwari.org/bd/b8.html]
[patwari.org/bd/b9.html]
[patwari.org/bd/b10.html]
[patwari.org/bd/b11.html]
[patwari.org/bd/b12.html]
[patwari.org/bd/RarePictures.html]
[patwari.org/bd/pushkar/PushkarPictures.html]
[patwari.org/bd/Aradhana/AradhanaPictures.html]
[patwari.org/bd/RayaruMudra/RayaruMudra.html]
[patwari.org/bd/flood/pics/Thumbnails.html]
[patwari.org/bd/lakshaPuspaarchana/LakshaPuspaarchana.html]
[patwari.org/bd/RayaraKavacha/Rayarukavacha.html]
[patwari.org/bd/flood/Bichali_after_flood.html]
[patwari.org/bd/Aradhana/Elegance and the grandeur of Aradhana at  Bhikshaalaya.html]
[patwari.org/bd/pushkar/Elegance and the grandeur of Pushkara at  Bhikshaalaya.html]
[patwari.org/bd/howtovisit.html]
[patwari.org/bd/sevas.html]
[patwari.org/bd/topic.html]
[patwari.org/bd/overview_files/filelist.xml]
[patwari.org/bd/overview_files/themedata.thmx]
[patwari.org/bd/overview_files/colorschememapping.xml]
[patwari.org/bd/overview_files/image002.jpg]
[patwari.org/images/for-indexpage/image006.gif]
[patwari.org/bd/bichali-aradhana-344/344 Aradhana of Sri RaghavendraTeertharu at Bichali.html]
[patwari.org/bd/overview_files/image003.jpg]
[patwari.org/bd/overview.html]
[patwari.org/bd/overview-summary.html]
[patwari.org/bd/topic_files/editdata.html]
[patwari.org/index_files/image001.gif]
[patwari.org/bd/AkshayatrateeyaBichali2012/AkshayatrateeyaBichali.jpg]
[patwari.org/bd/AkshayatrateeyaBichali2012/AkshayatrateeyaBichali2012.html]
[patwari.org/bd/AradhanaRayaraDarshana_files/filelist.xml]
[patwari.org/bd/AradhanaRayaraDarshana_files/themedata.thmx]
[patwari.org/bd/AradhanaRayaraDarshana_files/colorschememapping.xml]
[patwari.org/bd/AradhanaRayaraDarshana_files/image002.gif]
[patwari.org/bd/video/RayaraDarshana.avi]
[patwari.org/bd/video/RayaraDarshanaclip.wmv]
[patwari.org/bd/AradhanaRayaraDarshana.html]
[patwari.org/bd/guidedtour_files/filelist.xml]
[patwari.org/bd/guidedtour_files/image002.gif]
[patwari.org/bd/guidedtour_files/image005.gif]
[patwari.org/bd/guidedtour.html]
[patwari.org/bd/Aradhana/AradhanaVideo_files/filelist.xml]
[patwari.org/bd/Aradhana/AradhanaVideo_files/image001.gif]
[patwari.org/bd/Aradhana/AradhanaVideo_files/image003.gif]
[patwari.org/bd/Aradhana/video/MahaAlankaraPreparation.wmv]
[patwari.org/bd/Aradhana/video/AfterAlankara.wmv]
[patwari.org/bd/Aradhana/video/tunga.wmv]
[patwari.org/bd/Aradhana/video/Hanumantha.wmv]
[patwari.org/bd/Aradhana/video/MahaMangalaruti-1.wmv]
[patwari.org/bd/Aradhana/AradhanaVideo_files/image004.gif]
[patwari.org/bd/Aradhana/video/MahaMangalaruti-3.wmv]
[patwari.org/bd/Aradhana/AradhanaVideo.html]
[patwari.org/bd/pushkar/PushkarVideo_files/filelist.xml]
[patwari.org/bd/pushkar/PushkarVideo_files/image001.gif]
[patwari.org/bd/pushkar/PushkarArticles.html]
[patwari.org/bd/pushkar/video/Bichali@night.qt]
[patwari.org/bd/pushkar/video/EarlyMorning.qt]
[patwari.org/bd/pushkar/video/EarlyMorning-1.qt]
[patwari.org/bd/pushkar/video/DevoteesAtTheEnterance.qt]
[patwari.org/bd/pushkar/video/DevoteesTakingBath.qt]
[patwari.org/bd/pushkar/video/GuruStotraChanting.qt]
[patwari.org/bd/pushkar/video/AbishekaMagalaruti.qt]
[patwari.org/bd/pushkar/video/AbishekaMagalaruti-1.qt]
[patwari.org/bd/pushkar/PushkarVideo.html]
[patwari.org/bd/flood/BichaliFloodvdeo.html]
[patwari.org/bd/b1.html]
[patwari.org/bd/b2.html]
[patwari.org/bd/b3.html]
[patwari.org/bd/b4.html]
[patwari.org/bd/b5.html]
[patwari.org/bd/b6.html]
[patwari.org/bd/b7.html]
[patwari.org/bd/b8.html]
[patwari.org/bd/b9.html]
[patwari.org/bd/b10.html]
[patwari.org/bd/b11.html]
[patwari.org/bd/b12.html]
[patwari.org/bd/RarePictures.html]
[patwari.org/bd/pushkar/PushkarPictures.html]
[patwari.org/bd/Aradhana/Rayara Brindavana on the day of Madhya Aradhana_12.html]
[patwari.org/bd/Aradhana/Rayara Brindavana on the day of Madhya Aradhana_12_t.jpg]
[patwari.org/bd/Aradhana/Rayara Brindavana on the day of Madhya Aradhana_13.html]
[patwari.org/bd/Aradhana/Rayara Brindavana on the day of Madhya Aradhana_13_t.jpg]
[patwari.org/bd/Aradhana/Rayara Brindavana on the day of Madhya Aradhana_15.html]
[patwari.org/bd/Aradhana/Rayara Brindavana on the day of Madhya Aradhana_15_t.jpg]
[patwari.org/bd/Aradhana/Rayara Brindavana on the day of Madhya Aradhana_16.html]
[patwari.org/bd/Aradhana/Rayara Brindavana on the day of Madhya Aradhana_16_t.jpg]
[patwari.org/bd/Aradhana/Rayara Brindavana on the day of Madhya Aradhana_17.html]
[patwari.org/bd/Aradhana/Rayara Brindavana on the day of Madhya Aradhana_17_t.jpg]
[patwari.org/bd/Aradhana/AradhanaPictures.html]
[patwari.org/bd/RayaruMudra/image002.gif]
[patwari.org/bd/RayaruMudra/Shanka.html]
[patwari.org/bd/RayaruMudra/DSC_0195.jpg]
[patwari.org/bd/RayaruMudra/RayaruMudra.html]
[patwari.org/bd/flood/pics/Thumbnails_files/filelist.xml]
[patwari.org/bd/flood/pics/Thumbnails_files/image001.gif]
[patwari.org/bd/flood/pics/Collapsed Roof of Bhojanaalayaa  and VasatiGruha.html]
[patwari.org/bd/flood/pics/Collapsed Roof of Bhojanaalayaa  and VasatiGruha_t.jpg]
[patwari.org/bd/flood/pics/Collapsed Tree and Electric pole near Brindavana.html]
[patwari.org/bd/flood/pics/Collapsed Tree and Electric pole near Brindavana_t.jpg]
[patwari.org/bd/flood/pics/Collapsed Tree and Electric pole near Rayaru Brindavana.html]
[patwari.org/bd/flood/pics/Collapsed Tree and Electric pole near Rayaru Brindavana_t.jpg]
[patwari.org/bd/flood/pics/Entrance.html]
[patwari.org/bd/flood/pics/Entrance_t.jpg]
[patwari.org/bd/flood/pics/Mud Collection on the way to Narashima Devaru.html]
[patwari.org/bd/flood/pics/Mud Collection on the way to Narashima Devaru_t.jpg]
[patwari.org/bd/flood/pics/NagaLoka.html]
[patwari.org/bd/flood/pics/NagaLoka_t.jpg]
[patwari.org/bd/flood/pics/NarashimaDevaru.html]
[patwari.org/bd/flood/pics/NarashimaDevaru_t.jpg]
[patwari.org/bd/flood/pics/PranaDevaru.html]
[patwari.org/bd/flood/pics/PranaDevaru_t.jpg]
[patwari.org/bd/flood/pics/Unaltered MajesticBrindavanaOfRayaru.html]
[patwari.org/bd/flood/pics/Unaltered MajesticBrindavanaOfRayaru_t.jpg]
[patwari.org/bd/flood/pics/Unaltered MajesticBrindavanaOfSriRayaru.html]
[patwari.org/bd/flood/pics/Unaltered MajesticBrindavanaOfSriRayaru_t.jpg]
[patwari.org/bd/flood/pics/Thumbnails.html]
[patwari.org/bd/lakshaPuspaarchana/LakshaPuspaarchana_files/filelist.xml]
[patwari.org/bd/lakshaPuspaarchana/LakshaPuspaarchana_files/image001.gif]
[patwari.org/bd/lakshaPuspaarchana/LakshaPuspaarchana_9.html]
[patwari.org/bd/lakshaPuspaarchana/LakshaPuspaarchana_2.html]
[patwari.org/bd/lakshaPuspaarchana/LakshaPuspaarchana.html]
[patwari.org/bd/RayaraKavacha/Rayarukavacha_files/filelist.xml]
[patwari.org/bd/RayaraKavacha/Rayarukavacha_files/themedata.thmx]
[patwari.org/bd/RayaraKavacha/Rayarukavacha_files/colorschememapping.xml]
[patwari.org/bd/RayaraKavacha/Rayarukavacha_files/image001.gif]
[patwari.org/bd/RayaraKavacha/Rayarukavacha_files/image003.jpg]
[patwari.org/bd/RayaraKavacha/Rayarukavacha_files/image005.jpg]
[patwari.org/bd/RayaraKavacha/Rayarukavacha_files/image007.jpg]
[patwari.org/bd/RayaraKavacha/Rayarukavacha.html]
[patwari.org/bd/RayaraKavacha/Rayarukavacha_files/image009.jpg]
[patwari.org/bd/flood/Bichali_after_flood_files/filelist.xml]
[patwari.org/bd/flood/Bichali_after_flood_files/image001.gif]
[patwari.org/bd/flood/update.html]
[patwari.org/bd/flood/Bichali_after_flood_files/image002.jpg]
[patwari.org/bd/flood/Bichali_after_flood.html]
[patwari.org/bd/Aradhana/Elegance and the grandeur of Aradhana at  Bhikshaalaya_files/filelist.xml]
[patwari.org/bd/Aradhana/Elegance and the grandeur of Aradhana at  Bhikshaalaya_files/image001.gif]
[patwari.org/bd/Aradhana/Rayara Brindavana on the day of Madhya Aradhana_25.jpg]
[patwari.org/bd/Aradhana/Elegance and the grandeur of Aradhana at  Bhikshaalaya.html]
[patwari.org/bd/pushkar/Elegance and the grandeur of Pushkara at  Bhikshaalaya_files/filelist.xml]
[patwari.org/bd/pushkar/Elegance and the grandeur of Pushkara at  Bhikshaalaya_files/image001.gif]
[patwari.org/bd/pushkar/Elegance and the grandeur of Pushkara at  Bhikshaalaya_files/image003.jpg]
[patwari.org/bd/pushkar/Elegance and the grandeur of Pushkara at  Bhikshaalaya_files/image005.jpg]
[patwari.org/bd/pushkar/Elegance and the grandeur of Pushkara at  Bhikshaalaya.html]
[patwari.org/bd/Pictures.html]
[patwari.org/bd/howtovisit.html]
[patwari.org/bd/importantUpdate.html]
[patwari.org/bd/sevas.html]
[patwari.org/bd/overview_files/editdata.html]
[patwari.org/bd/events/Phalimaru.html]
[patwari.org/bd/bichali-aradhana-344/cap.png]
[patwari.org/bd/bichali-aradhana-344/cap_2.png]
[patwari.org/bd/bichali-aradhana-344/images/IMG-20150830-WA0005.jpg]
[patwari.org/bd/bichali-aradhana-344/images/IMG-20150830-WA0006.jpg]
[patwari.org/bd/bichali-aradhana-344/images/IMG-20150830-WA0007.jpg]
[patwari.org/bd/bichali-aradhana-344/images/madya/IMG-20150831-WA0007.jpg]
[patwari.org/bd/bichali-aradhana-344/images/madya/IMG-20150831-WA0008.jpg]
[patwari.org/bd/bichali-aradhana-344/images/madya/IMG-20150831-WA0010.jpg]
[patwari.org/bd/bichali-aradhana-344/images/madya/IMG-20150831-WA0013.jpg]
[patwari.org/bd/bichali-aradhana-344/344 Aradhana of Sri RaghavendraTeertharu at Bichali.html]
[patwari.org/bd/AradhanaRayaraDarshana_files/editdata.html]
[patwari.org/bd/guidedtour_files/editdata.html]
[patwari.org/bd/Aradhana/AradhanaVideo_files/editdata.html]
[patwari.org/bd/pushkar/PushkarVideo_files/editdata.html]
[patwari.org/bd/pushkar/PushkarArticles_files/filelist.xml]
[patwari.org/bd/pushkar/PushkarArticles_files/image002.gif]
[patwari.org/bd/pushkar/PushkarArticles.html]
[patwari.org/bd/pushkar/video/Bichali@night.qt]
[patwari.org/bd/pushkar/video/EarlyMorning.qt]
[patwari.org/bd/pushkar/video/EarlyMorning-1.qt]
[patwari.org/bd/pushkar/video/DevoteesAtTheEnterance.qt]
[patwari.org/bd/pushkar/video/DevoteesTakingBath.qt]
[patwari.org/bd/pushkar/video/GuruStotraChanting.qt]
[patwari.org/bd/pushkar/video/AbishekaMagalaruti.qt]
[patwari.org/bd/pushkar/video/AbishekaMagalaruti-1.qt]
[patwari.org/bd/pushkar/video/AfterAbisheka.MOV]
[patwari.org/bd/pushkar/video/DevoteesPrayingToRayaru.MOV]
[patwari.org/bd/pushkar/video/MahaMagalaruti.MOV]
[patwari.org/bd/flood/BichaliFloodvdeo_files/filelist.xml]
[patwari.org/bd/flood/BichaliFloodvdeo_files/image001.gif]
[patwari.org/bd/flood/video/Introduction.wmv]
[patwari.org/bd/flood/BichaliFloodvdeo_files/image003.gif]
[patwari.org/bd/flood/video/lower_version/introduction.wmv]
[patwari.org/bd/flood/video/aroundbichali.wmv]
[patwari.org/bd/flood/video/lower_version/aroundbichali_1.wmv]
[patwari.org/bd/flood/video/aroundbichali_1.wmv]
[patwari.org/bd/flood/video/lower_version/aroundbichali.wmv]
[patwari.org/bd/flood/video/Abhiseka.wmv]
[patwari.org/bd/flood/video/lower_version/Abhisheka.wmv]
[patwari.org/bd/flood/video/Mangalaruti.wmv]
[patwari.org/bd/flood/video/lower_version/Mahamagalaruti.wmv]
[patwari.org/bd/RarePictures_files/filelist.xml]
[patwari.org/bd/RarePictures_files/image002.jpg]
[patwari.org/bd/RarePictures1.html]
[patwari.org/bd/pushkar/PushkarPictures_files/filelist.xml]
[patwari.org/bd/pushkar/PushkarPictures_files/image001.gif]
[patwari.org/bd/pushkar/Alankara of Sri Rayaru - 1_t.jpg]
[patwari.org/bd/pushkar/Alankara of Sri Rayaru - 1.html]
[patwari.org/bd/pushkar/Alankara of Sri Rayaru - 2_t.jpg]
[patwari.org/bd/pushkar/Alankara of Sri Rayaru - 2.html]
[patwari.org/bd/pushkar/Alankara of Sri Rayaru - 3_t.jpg]
[patwari.org/bd/pushkar/Alankara of Sri Rayaru - 3.html]
[patwari.org/bd/pushkar/Alankara of Sri Rayaru - 4_t.jpg]
[patwari.org/bd/pushkar/Alankara of Sri Rayaru - 4.html]
[patwari.org/bd/pushkar/Alankara of Sri Rayaru - 5_t.jpg]
[patwari.org/bd/pushkar/Alankara of Sri Rayaru - 5.html]
[patwari.org/bd/pushkar/Alankara of Sri Rayaru - 6_t.jpg]
[patwari.org/bd/pushkar/Alankara of Sri Rayaru - 6.html]
[patwari.org/bd/pushkar/Alankara of Sri Rayaru - 7_t.jpg]
[patwari.org/bd/pushkar/Alankara of Sri Rayaru - 7.html]
[patwari.org/bd/pushkar/Bichali during night.html]
[patwari.org/bd/pushkar/Bichali during night_t.jpg]
[patwari.org/bd/pushkar/Cooking Preparation - 1_t.jpg]
[patwari.org/bd/pushkar/Cooking Preparation - 1.html]
[patwari.org/bd/pushkar/Cooking Preparation_t.jpg]
[patwari.org/bd/pushkar/Devotees taking Rayaru Darshana - 11_t.jpg]
[patwari.org/bd/pushkar/Devotees taking Rayaru Darshana - 11.html]
[patwari.org/bd/pushkar/Cooking Preparation.html]
[patwari.org/bd/pushkar/Devotees taking Rayaru Darshana_t.jpg]
[patwari.org/bd/pushkar/Devotees taking Rayaru Darshana.html]
[patwari.org/bd/pushkar/Devotees taking Rayaru Darshana-1_t.jpg]
[patwari.org/bd/pushkar/Discussion Sri Patwari and BadamaRamachari_t.jpg]
[patwari.org/bd/pushkar/Devotees taking Rayaru Darshana-1.html]
[patwari.org/bd/pushkar/DSCN1646_t.jpg]
[patwari.org/bd/pushkar/Discussion Sri Patwari and BadamaRamachari.html]
[patwari.org/bd/pushkar/DSCN1646.html]
[patwari.org/bd/pushkar/DSCN1647_t.jpg]
[patwari.org/bd/pushkar/MahaMagalaaruti of Sri Rayaru_t.jpg]
[patwari.org/bd/pushkar/DSCN1647.html]
[patwari.org/bd/pushkar/MahaMagalaaruti of Sri Rayaru.html]
[patwari.org/bd/pushkar/MahaPrasaad-1_t.jpg]
[patwari.org/bd/pushkar/MahaPrasaad-1.html]
[patwari.org/bd/pushkar/MahaPrasaad-2_t.jpg]
[patwari.org/bd/pushkar/MahaPrasaad-3_t.jpg]
[patwari.org/bd/pushkar/MahaPrasaad-2.html]
[patwari.org/bd/pushkar/MahaPrasaad-3.html]
[patwari.org/bd/pushkar/MahaPrasaad-4.html]
[patwari.org/bd/pushkar/MahaPrasaad-4_t.jpg]
[patwari.org/bd/pushkar/MahaPrasaad-5_t.jpg]
[patwari.org/bd/pushkar/Nagaappa_t.jpg]
[patwari.org/bd/pushkar/Nagaappa.html]
[patwari.org/bd/pushkar/MahaPrasaad-5.html]
[patwari.org/bd/pushkar/NarasimhaDevaru_t.jpg]
[patwari.org/bd/pushkar/NarasimhaDevaru.html]
[patwari.org/bd/pushkar/Purshkar fair at Bichali_t.jpg]
[patwari.org/bd/pushkar/Pushkar fair at Bichali_t.jpg]
[patwari.org/bd/pushkar/Purshkar fair at Bichali.html]
[patwari.org/bd/pushkar/Pushkar Holy Bath_t.jpg]
[patwari.org/bd/pushkar/Pushkar fair at Bichali.html]
[patwari.org/bd/pushkar/Pushkar Holy Bath.html]
[patwari.org/bd/pushkar/Pushkar Holy Dip at TungaBhadra_t.jpg]
[patwari.org/bd/pushkar/Pushkar Holy Dip_t.jpg]
[patwari.org/bd/pushkar/Pushkar Holy Dip at TungaBhadra.html]
[patwari.org/bd/pushkar/Pushkar Holy Dip.html]
[patwari.org/bd/pushkar/RayarBrindavana - 1_t.jpg]
[patwari.org/bd/pushkar/RayarBrindavana - 10_t.jpg]
[patwari.org/bd/pushkar/RayarBrindavana - 1.html]
[patwari.org/bd/pushkar/RayarBrindavana - 2_t.jpg]
[patwari.org/bd/pushkar/RayarBrindavana - 10.html]
[patwari.org/bd/pushkar/RayarBrindavana - 3.html]
[patwari.org/bd/pushkar/RayarBrindavana - 2.html]
[patwari.org/bd/pushkar/RayarBrindavana - 3_t.jpg]
[patwari.org/bd/pushkar/RayarBrindavana - 4_t.jpg]
[patwari.org/bd/pushkar/RayarBrindavana - 5_t.jpg]
[patwari.org/bd/pushkar/RayarBrindavana - 5.html]
[patwari.org/bd/pushkar/RayarBrindavana - 4.html]
[patwari.org/bd/pushkar/RayarBrindavana - 6.html]
[patwari.org/bd/pushkar/RayarBrindavana - 6_t.jpg]
[patwari.org/bd/pushkar/RayarBrindavana - 7_t.jpg]
[patwari.org/bd/pushkar/RayarBrindavana - 8_t.jpg]
[patwari.org/bd/pushkar/RayarBrindavana - 7.html]
[patwari.org/bd/pushkar/RayarBrindavana - 8.html]
[patwari.org/bd/pushkar/RayarBrindavana - 9_t.jpg]
[patwari.org/bd/pushkar/RubaGundu_t.jpg]
[patwari.org/bd/pushkar/RayarBrindavana - 9.html]
[patwari.org/bd/pushkar/Sri and Smt Ramachararu_t.jpg]
[patwari.org/bd/pushkar/RubaGundu.html]
[patwari.org/bd/pushkar/Sri and Smt Ramachararu.html]
[patwari.org/bd/Aradhana/AradhanaPictures_files/filelist.xml]
[patwari.org/bd/Aradhana/Alankara Of Sri Rayaru_1_t.jpg]
[patwari.org/bd/Aradhana/AradhanaPictures_files/image001.gif]
[patwari.org/bd/Aradhana/Alankara Of Sri Rayaru_1.html]
[patwari.org/bd/Aradhana/Alankara Of Sri Rayaru_2_t.jpg]
[patwari.org/bd/Aradhana/Alankara Of Sri Rayaru_2.html]
[patwari.org/bd/Aradhana/Bichali at night_t.jpg]
[patwari.org/bd/Aradhana/Bichali at night.html]
[patwari.org/bd/Aradhana/Gautam Archaka_t.jpg]
[patwari.org/bd/Aradhana/Gautam Archaka.html]
[patwari.org/bd/Aradhana/Hanumantha Devaru instaled by Rayaru.html]
[patwari.org/bd/Aradhana/Hanumantha Devaru instaled by Rayaru_t.jpg]
[patwari.org/bd/Aradhana/Hanumantha Devaru installed by VyasaRajaru_t.jpg]
[patwari.org/bd/Aradhana/Hanumantha Devaru installed by VyasaRajaru.html]
[patwari.org/bd/Aradhana/Hanumantha Devaru_t.jpg]
[patwari.org/bd/Aradhana/Hanumantha Devaru.html]
[patwari.org/bd/Aradhana/JapadaKatti.html]
[patwari.org/bd/Aradhana/JapadaKatti_t.jpg]
[patwari.org/bd/Aradhana/Narasimha Devaru_t.jpg]
[patwari.org/bd/Aradhana/Narasimha Devaru.html]
[patwari.org/bd/Aradhana/Raya Paduka.html]
[patwari.org/bd/Aradhana/Raya Paduka_t.jpg]
[patwari.org/bd/Aradhana/Rayara Brindavana on the day of Madhya Aradhana _ 1_t.jpg]
[patwari.org/bd/Aradhana/Rayara Brindavana on the day of Madhya Aradhana_10_t.jpg]
[patwari.org/bd/Aradhana/Rayara Brindavana on the day of Madhya Aradhana _ 1.html]
[patwari.org/bd/Aradhana/Rayara Brindavana on the day of Madhya Aradhana_11_t.jpg]
[patwari.org/bd/Aradhana/Rayara Brindavana on the day of Madhya Aradhana_10.html]
[patwari.org/bd/Aradhana/Rayara Brindavana on the day of Madhya Aradhana_11.html]
[patwari.org/bd/Aradhana/Rayara Brindavana on the day of Madhya Aradhana_12_files/filelist.xml]
[patwari.org/bd/Aradhana/Rayara Brindavana on the day of Madhya Aradhana_12_files/image001.gif]
[patwari.org/bd/Aradhana/Rayara Brindavana on the day of Madhya Aradhana_12.jpg]
[patwari.org/bd/Aradhana/Rayara Brindavana on the day of Madhya Aradhana_12.html]
[patwari.org/bd/Aradhana/Rayara Brindavana on the day of Madhya Aradhana_13_files/filelist.xml]
[patwari.org/bd/Aradhana/Rayara Brindavana on the day of Madhya Aradhana_13_files/image001.gif]
[patwari.org/bd/Aradhana/Rayara Brindavana on the day of Madhya Aradhana_13.jpg]
[patwari.org/bd/Aradhana/Rayara Brindavana on the day of Madhya Aradhana_13.html]
[patwari.org/bd/Aradhana/Rayara Brindavana on the day of Madhya Aradhana_15_files/filelist.xml]
[patwari.org/bd/Aradhana/Rayara Brindavana on the day of Madhya Aradhana_15_files/image001.gif]
[patwari.org/bd/Aradhana/Rayara Brindavana on the day of Madhya Aradhana_15.jpg]
[patwari.org/bd/Aradhana/Rayara Brindavana on the day of Madhya Aradhana_15.html]
[patwari.org/bd/Aradhana/Rayara Brindavana on the day of Madhya Aradhana_16_files/filelist.xml]
[patwari.org/bd/Aradhana/Rayara Brindavana on the day of Madhya Aradhana_16_files/image001.gif]
[patwari.org/bd/Aradhana/Rayara Brindavana on the day of Madhya Aradhana_16.jpg]
[patwari.org/bd/Aradhana/Rayara Brindavana on the day of Madhya Aradhana_16.html]
[patwari.org/bd/Aradhana/Rayara Brindavana on the day of Madhya Aradhana_17_files/filelist.xml]
[patwari.org/bd/Aradhana/Rayara Brindavana on the day of Madhya Aradhana_17_files/image001.gif]
[patwari.org/bd/Aradhana/Rayara Brindavana on the day of Madhya Aradhana_18.html]
[patwari.org/bd/Aradhana/Rayara Brindavana on the day of Madhya Aradhana_17.jpg]
[patwari.org/bd/Aradhana/Rayara Brindavana on the day of Madhya Aradhana_17.html]
[patwari.org/bd/Aradhana/Elegance and the grandeur of Pushkara at  Bhikshaalaya.html]
[patwari.org/bd/Aradhana/PushkarVideo.html]
[patwari.org/bd/RayaruMudra/RayaruMudra_files/filelist.html]
[patwari.org/bd/RayaruMudra/RayaruMudra_files/editdata.html]
[patwari.org/bd/RayaruMudra/chakra.html]
[patwari.org/bd/RayaruMudra/shanka.jpg]
[patwari.org/bd/RayaruMudra/Shanka.html]
[patwari.org/bd/flood/pics/Thumbnails_files/editdata.html]
[patwari.org/bd/flood/pics/Collapsed Roof of Bhojanaalayaa  and VasatiGruha_files/filelist.xml]
[patwari.org/bd/flood/pics/Collapsed Roof of Bhojanaalayaa  and VasatiGruha_files/image001.gif]
[patwari.org/bd/flood/pics/Collapsed Roof of Bhojanaalayaa  and VasatiGruha.html]
[patwari.org/bd/flood/pics/Collapsed Tree and Electric pole near Brindavana_files/filelist.xml]
[patwari.org/bd/flood/pics/Collapsed Tree and Electric pole near Brindavana_files/image001.gif]
[patwari.org/bd/flood/pics/Collapsed Tree and Electric pole near Brindavana.jpg]
[patwari.org/bd/flood/pics/Collapsed Tree and Electric pole near Brindavana.html]
[patwari.org/bd/flood/pics/Collapsed Tree and Electric pole near Rayaru Brindavana_files/filelist.xml]
[patwari.org/bd/flood/pics/Collapsed Tree and Electric pole near Rayaru Brindavana_files/image001.gif]
[patwari.org/bd/flood/pics/Collapsed Tree and Electric pole near Rayaru Brindavana.jpg]
[patwari.org/bd/flood/pics/Collapsed Tree and Electric pole near Rayaru Brindavana.html]
[patwari.org/bd/flood/pics/Entrance_files/filelist.xml]
[patwari.org/bd/flood/pics/Entrance_files/image001.gif]
[patwari.org/bd/flood/pics/Entrance.jpg]
[patwari.org/bd/flood/pics/Entrance.html]
[patwari.org/bd/flood/pics/Mud Collection on the way to Narashima Devaru_files/filelist.xml]
[patwari.org/bd/flood/pics/Mud Collection on the way to Narashima Devaru_files/image001.gif]
[patwari.org/bd/flood/pics/Mud Collection on the way to Narashima Devaru.jpg]
[patwari.org/bd/flood/pics/Mud Collection on the way to Narashima Devaru.html]
[patwari.org/bd/flood/pics/NagaLoka_files/filelist.xml]
[patwari.org/bd/flood/pics/NagaLoka_files/image001.gif]
[patwari.org/bd/flood/pics/NagaLoka.jpg]
[patwari.org/bd/flood/pics/NagaLoka.html]
[patwari.org/bd/flood/pics/NarashimaDevaru_files/filelist.xml]
[patwari.org/bd/flood/pics/NarashimaDevaru_files/image001.gif]
[patwari.org/bd/flood/pics/NarashimaDevaru.jpg]
[patwari.org/bd/flood/pics/NarashimaDevaru.html]
[patwari.org/bd/flood/pics/PranaDevaru_files/filelist.xml]
[patwari.org/bd/flood/pics/PranaDevaru_files/image001.gif]
[patwari.org/bd/flood/pics/PranaDevaru.jpg]
[patwari.org/bd/flood/pics/PranaDevaru.html]
[patwari.org/bd/flood/pics/Unaltered MajesticBrindavanaOfRayaru_files/filelist.xml]
[patwari.org/bd/flood/pics/Unaltered MajesticBrindavanaOfRayaru_files/image001.gif]
[patwari.org/bd/flood/pics/Unaltered MajesticBrindavanaOfRayaru.jpg]
[patwari.org/bd/flood/pics/Unaltered MajesticBrindavanaOfRayaru.html]
[patwari.org/bd/flood/pics/Unaltered MajesticBrindavanaOfSriRayaru_files/filelist.xml]
[patwari.org/bd/flood/pics/Unaltered MajesticBrindavanaOfSriRayaru_files/image001.gif]
[patwari.org/bd/flood/pics/Unaltered MajesticBrindavanaOfSriRayaru.jpg]
[patwari.org/bd/flood/pics/Unaltered MajesticBrindavanaOfSriRayaru.html]
[patwari.org/bd/flood/pics/pics/Thumbnails.html]
[patwari.org/bd/flood/pics/BichaliFloodvdeo.html]
[patwari.org/bd/lakshaPuspaarchana/LakshaPuspaarchana_files/editdata.html]
[patwari.org/bd/lakshaPuspaarchana/LakshaPuspaarchana_9_files/filelist.xml]
[patwari.org/bd/lakshaPuspaarchana/LakshaPuspaarchana_9_files/image001.gif]
[patwari.org/bd/lakshaPuspaarchana/LakshaPuspaarchana_8.html]
[patwari.org/bd/lakshaPuspaarchana/LakshaPuspaarchana_10.html]
[patwari.org/bd/lakshaPuspaarchana/LakshaPuspaarchana_9.jpg]
[patwari.org/bd/lakshaPuspaarchana/LakshaPuspaarchana_9.html]
[patwari.org/bd/lakshaPuspaarchana/LakshaPuspaarchana_2_files/filelist.xml]
[patwari.org/bd/lakshaPuspaarchana/LakshaPuspaarchana_2_files/image001.gif]
[patwari.org/bd/lakshaPuspaarchana/LakshaPuspaarchana_3.html]
[patwari.org/bd/lakshaPuspaarchana/LakshaPuspaarchana_2.jpg]
[patwari.org/bd/lakshaPuspaarchana/LakshaPuspaarchana_2.html]
[patwari.org/bd/lakshaPuspaarchana/LakshaPuspaarchana-2.html]
[patwari.org/bd/RayaraKavacha/Rayarukavacha_files/editdata.html]
[patwari.org/bd/flood/Bichali_after_flood_files/editdata.html]
[patwari.org/bd/flood/update.html]
[patwari.org/bd/Aradhana/Elegance and the grandeur of Aradhana at  Bhikshaalaya_files/editdata.html]
[patwari.org/bd/pushkar/Elegance and the grandeur of Pushkara at  Bhikshaalaya_files/editdata.html]
[patwari.org/bd/howtovisit_files/filelist.html]
[patwari.org/bd/sevas_files/filelist.html]
[patwari.org/bd/importantUpdate.html]
[patwari.org/bd/bichali-aradhana-344/images/IMG-20150830-WA0011.html]
[patwari.org/bd/bichali-aradhana-344/images/IMG-20150830-WA0014.html]
[patwari.org/bd/bichali-aradhana-344/images/IMG-20150830-WA0023.html]
[patwari.org/bd/bichali-aradhana-344/images/IMG-20150830-WA0017.html]
[patwari.org/bd/bichali-aradhana-344/images/madya/IMG-20150831-WA0015.html]
[patwari.org/bd/pushkar/PushkarArticles_files/editdata.html]
[patwari.org/bd/pushkar/ts/graya-website/html-files/bd/pushkar/video/MahaPrasad.MOV]
[patwari.org/bd/flood/BichaliFloodvdeo_files/editdata.mso]
[patwari.org/bd/b1_files/filelist.xml]
[patwari.org/bd/b2_files/filelist.xml]
[patwari.org/bd/b3_files/filelist.xml]
[patwari.org/bd/b4_files/filelist.xml]
[patwari.org/bd/b5_files/filelist.xml]
[patwari.org/bd/b6_files/filelist.xml]
[patwari.org/bd/b7_files/filelist.xml]
[patwari.org/bd/b8_files/filelist.xml]
[patwari.org/bd/b9_files/filelist.xml]
[patwari.org/bd/b10_files/filelist.xml]
[patwari.org/bd/b11_files/filelist.xml]
[patwari.org/bd/b12_files/filelist.xml]
[patwari.org/bd/RarePictures_files/editdata.mso]
[patwari.org/bd/RarePictures1_files/filelist.xml]
[patwari.org/bd/RarePictures2.html]
[patwari.org/bd/RarePictures1_files/image002.jpg]
[patwari.org/bd/RarePictures1.html]
[patwari.org/bd/pushkar/PushkarPictures_files/editdata.mso]
[patwari.org/bd/pushkar/Alankara of Sri Rayaru - 1_files/filelist.xml]
[patwari.org/bd/pushkar/Alankara of Sri Rayaru - 1_files/image002.gif]
[patwari.org/bd/pushkar/Alankara of Sri Rayaru - 1.jpg]
[patwari.org/bd/pushkar/Alankara of Sri Rayaru - 1.html]
[patwari.org/bd/pushkar/Alankara of Sri Rayaru - 2_files/filelist.xml]
[patwari.org/bd/pushkar/Alankara of Sri Rayaru - 2_files/image002.gif]
[patwari.org/bd/pushkar/Alankara of Sri Rayaru - 2.jpg]
[patwari.org/bd/pushkar/Alankara of Sri Rayaru - 2.html]
[patwari.org/bd/pushkar/Alankara of Sri Rayaru - 3_files/filelist.xml]
[patwari.org/bd/pushkar/Alankara of Sri Rayaru - 3_files/image002.gif]
[patwari.org/bd/pushkar/Alankara of Sri Rayaru - 3.jpg]
[patwari.org/bd/pushkar/Alankara of Sri Rayaru - 3.html]
[patwari.org/bd/pushkar/Alankara of Sri Rayaru - 4_files/filelist.xml]
[patwari.org/bd/pushkar/Alankara of Sri Rayaru - 4_files/image002.gif]
[patwari.org/bd/pushkar/Alankara of Sri Rayaru - 4.jpg]
[patwari.org/bd/pushkar/Alankara of Sri Rayaru - 4.html]
[patwari.org/bd/pushkar/Alankara of Sri Rayaru - 5_files/filelist.xml]
[patwari.org/bd/pushkar/Alankara of Sri Rayaru - 5_files/image002.gif]
[patwari.org/bd/pushkar/Alankara of Sri Rayaru - 5.jpg]
[patwari.org/bd/pushkar/Alankara of Sri Rayaru - 5.html]
[patwari.org/bd/pushkar/Alankara of Sri Rayaru - 6_files/filelist.xml]
[patwari.org/bd/pushkar/Alankara of Sri Rayaru - 6_files/image001.gif]
[patwari.org/bd/pushkar/Alankara of Sri Rayaru - 6.jpg]
[patwari.org/bd/pushkar/Alankara of Sri Rayaru - 6.html]
[patwari.org/bd/pushkar/Alankara of Sri Rayaru - 7_files/filelist.xml]
[patwari.org/bd/pushkar/Alankara of Sri Rayaru - 7_files/image002.gif]
[patwari.org/bd/pushkar/Alankara of Sri Rayaru - 7.jpg]
[patwari.org/bd/pushkar/Alankara of Sri Rayaru - 7.html]
[patwari.org/bd/pushkar/Bichali during night_files/filelist.xml]
[patwari.org/bd/pushkar/Bichali during night_files/image002.gif]
[patwari.org/bd/pushkar/Bichali during night.jpg]
[patwari.org/bd/pushkar/Bichali during night.html]
[patwari.org/bd/pushkar/Cooking Preparation - 1_files/filelist.xml]
[patwari.org/bd/pushkar/Cooking Preparation - 1_files/image001.gif]
[patwari.org/bd/pushkar/Cooking Preparation - 1.jpg]
[patwari.org/bd/pushkar/Cooking Preparation - 1.html]
[patwari.org/bd/pushkar/Cooking Preparation_files/filelist.xml]
[patwari.org/bd/pushkar/Cooking Preparation_files/image001.gif]
[patwari.org/bd/pushkar/Cooking Preparation.jpg]
[patwari.org/bd/pushkar/Cooking Preparation.html]
[patwari.org/bd/pushkar/Devotees taking Rayaru Darshana - 11_files/filelist.xml]
[patwari.org/bd/pushkar/Devotees taking Rayaru Darshana - 11_files/image001.gif]
[patwari.org/bd/pushkar/Devotees taking Rayaru Darshana - 11.jpg]
[patwari.org/bd/pushkar/Devotees taking Rayaru Darshana - 11.html]
[patwari.org/bd/pushkar/Devotees taking Rayaru Darshana_files/filelist.xml]
[patwari.org/bd/pushkar/Devotees taking Rayaru Darshana_files/image001.gif]
[patwari.org/bd/pushkar/Devotees taking Rayaru Darshana.jpg]
[patwari.org/bd/pushkar/Devotees taking Rayaru Darshana.html]
[patwari.org/bd/pushkar/Devotees taking Rayaru Darshana-1_files/filelist.xml]
[patwari.org/bd/pushkar/Devotees taking Rayaru Darshana-1_files/image001.gif]
[patwari.org/bd/pushkar/Devotees taking Rayaru Darshana-1.jpg]
[patwari.org/bd/pushkar/Devotees taking Rayaru Darshana-1.html]
[patwari.org/bd/pushkar/Discussion Sri Patwari and BadamaRamachari_files/filelist.xml]
[patwari.org/bd/pushkar/Discussion Sri Patwari and BadamaRamachari_files/image001.gif]
[patwari.org/bd/pushkar/Discussion Sri Patwari and BadamaRamachari.jpg]
[patwari.org/bd/pushkar/Discussion Sri Patwari and BadamaRamachari.html]
[patwari.org/bd/pushkar/DSCN1646_files/filelist.xml]
[patwari.org/bd/pushkar/DSCN1646_files/image001.gif]
[patwari.org/bd/pushkar/DSCN1646.jpg]
[patwari.org/bd/pushkar/DSCN1646.html]
[patwari.org/bd/pushkar/DSCN1647_files/filelist.xml]
[patwari.org/bd/pushkar/DSCN1647_files/image001.gif]
[patwari.org/bd/pushkar/DSCN1647.jpg]
[patwari.org/bd/pushkar/DSCN1647.html]
[patwari.org/bd/pushkar/MahaMagalaaruti of Sri Rayaru_files/filelist.xml]
[patwari.org/bd/pushkar/MahaMagalaaruti of Sri Rayaru_files/image001.gif]
[patwari.org/bd/pushkar/MahaMagalaaruti of Sri Rayaru.jpg]
[patwari.org/bd/pushkar/MahaMagalaaruti of Sri Rayaru.html]
[patwari.org/bd/pushkar/MahaPrasaad-1_files/filelist.xml]
[patwari.org/bd/pushkar/MahaPrasaad-1_files/image001.gif]
[patwari.org/bd/pushkar/MahaPrasaad-1.jpg]
[patwari.org/bd/pushkar/MahaPrasaad-1.html]
[patwari.org/bd/pushkar/MahaPrasaad-2_files/filelist.xml]
[patwari.org/bd/pushkar/MahaPrasaad-2_files/image001.gif]
[patwari.org/bd/pushkar/MahaPrasaad-2.jpg]
[patwari.org/bd/pushkar/MahaPrasaad-2.html]
[patwari.org/bd/pushkar/MahaPrasaad-3_files/filelist.xml]
[patwari.org/bd/pushkar/MahaPrasaad-3_files/image001.gif]
[patwari.org/bd/pushkar/MahaPrasaad-3.jpg]
[patwari.org/bd/pushkar/MahaPrasaad-3.html]
[patwari.org/bd/pushkar/MahaPrasaad-4_files/filelist.xml]
[patwari.org/bd/pushkar/MahaPrasaad-4_files/image001.gif]
[patwari.org/bd/pushkar/MahaPrasaad-4.jpg]
[patwari.org/bd/pushkar/MahaPrasaad-4.html]
[patwari.org/bd/pushkar/MahaPrasaad-5_files/filelist.xml]
[patwari.org/bd/pushkar/MahaPrasaad-5_files/image001.gif]
[patwari.org/bd/pushkar/MahaPrasaad-5.jpg]
[patwari.org/bd/pushkar/MahaPrasaad-5.html]
[patwari.org/bd/pushkar/Nagaappa_files/filelist.xml]
[patwari.org/bd/pushkar/Nagaappa_files/image001.gif]
[patwari.org/bd/pushkar/Nagaappa.jpg]
[patwari.org/bd/pushkar/Nagaappa.html]
[patwari.org/bd/pushkar/NarasimhaDevaru_files/filelist.xml]
[patwari.org/bd/pushkar/NarasimhaDevaru_files/image001.gif]
[patwari.org/bd/pushkar/NarasimhaDevaru.jpg]
[patwari.org/bd/pushkar/NarasimhaDevaru.html]
[patwari.org/bd/pushkar/Purshkar fair at Bichali_files/filelist.xml]
[patwari.org/bd/pushkar/Purshkar fair at Bichali_files/image001.gif]
[patwari.org/bd/pushkar/Purshkar fair at Bichali.jpg]
[patwari.org/bd/pushkar/Purshkar fair at Bichali.html]
[patwari.org/bd/pushkar/Pushkar fair at Bichali_files/filelist.xml]
[patwari.org/bd/pushkar/Pushkar fair at Bichali_files/image002.gif]
[patwari.org/bd/pushkar/Pushkar fair at Bichali.jpg]
[patwari.org/bd/pushkar/Pushkar fair at Bichali.html]
[patwari.org/bd/pushkar/Pushkar Holy Bath_files/filelist.xml]
[patwari.org/bd/pushkar/Pushkar Holy Bath_files/image001.gif]
[patwari.org/bd/pushkar/Pushkar Holy Bath.jpg]
[patwari.org/bd/pushkar/Pushkar Holy Bath.html]
[patwari.org/bd/pushkar/Pushkar Holy Dip at TungaBhadra_files/filelist.xml]
[patwari.org/bd/pushkar/Pushkar Holy Dip at TungaBhadra_files/image002.gif]
[patwari.org/bd/pushkar/Pushkar Holy Dip at TungaBhadra.jpg]
[patwari.org/bd/pushkar/Pushkar Holy Dip at TungaBhadra.html]
[patwari.org/bd/pushkar/Pushkar Holy Dip_files/filelist.xml]
[patwari.org/bd/pushkar/Pushkar Holy Dip_files/image001.gif]
[patwari.org/bd/pushkar/Pushkar Holy Dip.jpg]
[patwari.org/bd/pushkar/Pushkar Holy Dip.html]
[patwari.org/bd/pushkar/RayarBrindavana - 1_files/filelist.xml]
[patwari.org/bd/pushkar/RayarBrindavana - 1_files/image001.gif]
[patwari.org/bd/pushkar/RayarBrindavana - 1.jpg]
[patwari.org/bd/pushkar/RayarBrindavana - 1.html]
[patwari.org/bd/pushkar/RayarBrindavana - 10_files/filelist.xml]
[patwari.org/bd/pushkar/RayarBrindavana - 10_files/image001.gif]
[patwari.org/bd/pushkar/RayarBrindavana - 10.jpg]
[patwari.org/bd/pushkar/RayarBrindavana - 10.html]
[patwari.org/bd/pushkar/RayarBrindavana - 2_files/filelist.xml]
[patwari.org/bd/pushkar/RayarBrindavana - 2_files/image001.gif]
[patwari.org/bd/pushkar/RayarBrindavana - 2.jpg]
[patwari.org/bd/pushkar/RayarBrindavana - 2.html]
[patwari.org/bd/pushkar/RayarBrindavana - 3_files/filelist.xml]
[patwari.org/bd/pushkar/RayarBrindavana - 3_files/image001.gif]
[patwari.org/bd/pushkar/RayarBrindavana - 3.jpg]
[patwari.org/bd/pushkar/RayarBrindavana - 3.html]
[patwari.org/bd/pushkar/RayarBrindavana - 4_files/filelist.xml]
[patwari.org/bd/pushkar/RayarBrindavana - 4_files/image002.gif]
[patwari.org/bd/pushkar/RayarBrindavana - 4.jpg]
[patwari.org/bd/pushkar/RayarBrindavana - 4.html]
[patwari.org/bd/pushkar/RayarBrindavana - 5_files/filelist.xml]
[patwari.org/bd/pushkar/RayarBrindavana - 5_files/image001.gif]
[patwari.org/bd/pushkar/RayarBrindavana - 5.jpg]
[patwari.org/bd/pushkar/RayarBrindavana - 5.html]
[patwari.org/bd/pushkar/RayarBrindavana - 6_files/filelist.xml]
[patwari.org/bd/pushkar/RayarBrindavana - 6_files/image001.gif]
[patwari.org/bd/pushkar/RayarBrindavana - 6.jpg]
[patwari.org/bd/pushkar/RayarBrindavana - 6.html]
[patwari.org/bd/pushkar/RayarBrindavana - 7_files/filelist.xml]
[patwari.org/bd/pushkar/RayarBrindavana - 7_files/image001.gif]
[patwari.org/bd/pushkar/RayarBrindavana - 7.jpg]
[patwari.org/bd/pushkar/RayarBrindavana - 7.html]
[patwari.org/bd/pushkar/RayarBrindavana - 8_files/filelist.xml]
[patwari.org/bd/pushkar/RayarBrindavana - 8_files/image001.gif]
[patwari.org/bd/pushkar/RayarBrindavana - 8.jpg]
[patwari.org/bd/pushkar/RayarBrindavana - 8.html]
[patwari.org/bd/pushkar/RayarBrindavana - 9_files/filelist.xml]
[patwari.org/bd/pushkar/RayarBrindavana - 9_files/image001.gif]
[patwari.org/bd/pushkar/RayarBrindavana - 9.jpg]
[patwari.org/bd/pushkar/RayarBrindavana - 9.html]
[patwari.org/bd/pushkar/RubaGundu_files/filelist.xml]
[patwari.org/bd/pushkar/RubaGundu_files/image001.gif]
[patwari.org/bd/pushkar/RubaGundu.jpg]
[patwari.org/bd/pushkar/RubaGundu.html]
[patwari.org/bd/pushkar/Sri and Smt Ramachararu_files/filelist.xml]
[patwari.org/bd/pushkar/Sri and Smt Ramachararu_files/image001.gif]
[patwari.org/bd/pushkar/Sri and Smt Ramachararu.jpg]
[patwari.org/bd/pushkar/Sri and Smt Ramachararu.html]
[patwari.org/bd/pushkar/Vysa Kararchita Hanumanta.html]
[patwari.org/bd/pushkar/Vysa Kararchita Hanumanta_t.jpg]
[patwari.org/bd/Aradhana/AradhanaPictures_files/editdata.mso]
[patwari.org/bd/Aradhana/Alankara Of Sri Rayaru_1_files/filelist.xml]
[patwari.org/bd/Aradhana/Alankara Of Sri Rayaru_1_files/image001.gif]
[patwari.org/bd/Aradhana/Srinivas Devaru.html]
[patwari.org/bd/Aradhana/Alankara Of Sri Rayaru_1.jpg]
[patwari.org/bd/Aradhana/Alankara Of Sri Rayaru_1.html]
[patwari.org/bd/Aradhana/Alankara Of Sri Rayaru_2_files/filelist.xml]
[patwari.org/bd/Aradhana/Alankara Of Sri Rayaru_2_files/image001.gif]
[patwari.org/bd/Aradhana/Alankara Of Sri Rayaru_2.jpg]
[patwari.org/bd/Aradhana/Alankara Of Sri Rayaru_2.html]
[patwari.org/bd/Aradhana/Bichali at night_files/filelist.xml]
[patwari.org/bd/Aradhana/Bichali at night_files/image001.gif]
[patwari.org/bd/Aradhana/Bichali at night.jpg]
[patwari.org/bd/Aradhana/Bichali at night.html]
[patwari.org/bd/Aradhana/Gautam Archaka_files/filelist.xml]
[patwari.org/bd/Aradhana/Gautam Archaka_files/image001.gif]
[patwari.org/bd/Aradhana/Gautam Archaka.jpg]
[patwari.org/bd/Aradhana/Gautam Archaka.html]
[patwari.org/bd/Aradhana/Hanumantha Devaru instaled by Rayaru_files/filelist.xml]
[patwari.org/bd/Aradhana/Hanumantha Devaru instaled by Rayaru_files/image001.gif]
[patwari.org/bd/Aradhana/Hanumantha Devaru instaled by Rayaru.jpg]
[patwari.org/bd/Aradhana/Hanumantha Devaru instaled by Rayaru.html]
[patwari.org/bd/Aradhana/Hanumantha Devaru installed by VyasaRajaru_files/filelist.xml]
[patwari.org/bd/Aradhana/Hanumantha Devaru installed by VyasaRajaru_files/image001.gif]
[patwari.org/bd/Aradhana/Hanumantha Devaru installed by VyasaRajaru.jpg]
[patwari.org/bd/Aradhana/Hanumantha Devaru installed by VyasaRajaru.html]
[patwari.org/bd/Aradhana/Hanumantha Devaru_files/filelist.xml]
[patwari.org/bd/Aradhana/Hanumantha Devaru_files/image001.gif]
[patwari.org/bd/Aradhana/Hanumantha Devaru.jpg]
[patwari.org/bd/Aradhana/Hanumantha Devaru.html]
[patwari.org/bd/Aradhana/JapadaKatti_files/filelist.xml]
[patwari.org/bd/Aradhana/JapadaKatti_files/image001.gif]
[patwari.org/bd/Aradhana/JapadaKatti.jpg]
[patwari.org/bd/Aradhana/JapadaKatti.html]
[patwari.org/bd/Aradhana/Narasimha Devaru_files/filelist.xml]
[patwari.org/bd/Aradhana/Narasimha Devaru_files/image001.gif]
[patwari.org/bd/Aradhana/Narasimha Devaru.jpg]
[patwari.org/bd/Aradhana/Narasimha Devaru.html]
[patwari.org/bd/Aradhana/Raya Paduka_files/filelist.xml]
[patwari.org/bd/Aradhana/Raya Paduka_files/image001.gif]
[patwari.org/bd/Aradhana/Raya Paduka.jpg]
[patwari.org/bd/Aradhana/Raya Paduka.html]
[patwari.org/bd/Aradhana/Rayara Brindavana on the day of Madhya Aradhana _ 1_files/filelist.xml]
[patwari.org/bd/Aradhana/Rayara Brindavana on the day of Madhya Aradhana _ 1_files/image001.gif]
[patwari.org/bd/Aradhana/Rayara Brindavana on the day of Madhya Aradhana _ 1.jpg]
[patwari.org/bd/Aradhana/Rayara Brindavana on the day of Madhya Aradhana _ 1.html]
[patwari.org/bd/Aradhana/Rayara Brindavana on the day of Madhya Aradhana_10_files/filelist.xml]
[patwari.org/bd/Aradhana/Rayara Brindavana on the day of Madhya Aradhana_10_files/image001.gif]
[patwari.org/bd/Aradhana/Rayara Brindavana on the day of Madhya Aradhana_10.jpg]
[patwari.org/bd/Aradhana/Rayara Brindavana on the day of Madhya Aradhana_10.html]
[patwari.org/bd/Aradhana/Rayara Brindavana on the day of Madhya Aradhana_11_files/filelist.xml]
[patwari.org/bd/Aradhana/Rayara Brindavana on the day of Madhya Aradhana_11_files/image001.gif]
[patwari.org/bd/Aradhana/Rayara Brindavana on the day of Madhya Aradhana_11.jpg]
[patwari.org/bd/Aradhana/Rayara Brindavana on the day of Madhya Aradhana_11.html]
[patwari.org/bd/Aradhana/Rayara Brindavana on the day of Madhya Aradhana_12_files/editdata.html]
[patwari.org/bd/Aradhana/Rayara Brindavana on the day of Madhya Aradhana_13_files/editdata.html]
[patwari.org/bd/Aradhana/Rayara Brindavana on the day of Madhya Aradhana_15_files/editdata.html]
[patwari.org/bd/Aradhana/Rayara Brindavana on the day of Madhya Aradhana_16_files/editdata.html]
[patwari.org/bd/Aradhana/Rayara Brindavana on the day of Madhya Aradhana_17_files/editdata.html]
[patwari.org/bd/Aradhana/Rayara Brindavana on the day of Madhya Aradhana_18_files/filelist.xml]
[patwari.org/bd/Aradhana/Rayara Brindavana on the day of Madhya Aradhana_18_files/image001.gif]
[patwari.org/bd/Aradhana/Rayara Brindavana on the day of Madhya Aradhana_19.html]
[patwari.org/bd/Aradhana/Rayara Brindavana on the day of Madhya Aradhana_18.jpg]
[patwari.org/bd/Aradhana/Rayara Brindavana on the day of Madhya Aradhana_18.html]
[patwari.org/bd/RayaruMudra/gadha.html]
[patwari.org/bd/RayaruMudra/chakra.jpg]
[patwari.org/bd/RayaruMudra/chakra.html]
[patwari.org/bd/flood/pics/Collapsed Roof of Bhojanaalayaa  and VasatiGruha_files/editdata.html]
[patwari.org/bd/flood/pics/Collapsed Roof of Bhojanaalayaa  and VasatiGruha-2.html]
[patwari.org/bd/flood/pics/Collapsed Tree and Electric pole near Brindavana_files/editdata.html]
[patwari.org/bd/flood/pics/Collapsed Tree and Electric pole near Rayaru Brindavana_files/editdata.html]
[patwari.org/bd/flood/pics/Entrance_files/editdata.html]
[patwari.org/bd/flood/pics/Mud Collection on the way to Narashima Devaru_files/editdata.html]
[patwari.org/bd/flood/pics/NagaLoka_files/editdata.html]
[patwari.org/bd/flood/pics/NarashimaDevaru_files/editdata.html]
[patwari.org/bd/flood/pics/PranaDevaru_files/editdata.html]
[patwari.org/bd/flood/pics/Unaltered MajesticBrindavanaOfRayaru_files/editdata.html]
[patwari.org/bd/flood/pics/Unaltered MajesticBrindavanaOfSriRayaru_files/editdata.html]
[patwari.org/bd/lakshaPuspaarchana/LakshaPuspaarchana_9_files/editdata.html]
[patwari.org/bd/lakshaPuspaarchana/LakshaPuspaarchana_8_files/filelist.xml]
[patwari.org/bd/lakshaPuspaarchana/LakshaPuspaarchana_8_files/image001.gif]
[patwari.org/bd/lakshaPuspaarchana/LakshaPuspaarchana_7.html]
[patwari.org/bd/lakshaPuspaarchana/LakshaPuspaarchana_8.jpg]
[patwari.org/bd/lakshaPuspaarchana/LakshaPuspaarchana_8.html]
[patwari.org/bd/lakshaPuspaarchana/LakshaPuspaarchana_10_files/filelist.xml]
[patwari.org/bd/lakshaPuspaarchana/LakshaPuspaarchana_10_files/image001.gif]
[patwari.org/bd/lakshaPuspaarchana/LakshaPuspaarchana_10.jpg]
[patwari.org/bd/lakshaPuspaarchana/LakshaPuspaarchana_10.html]
[patwari.org/bd/lakshaPuspaarchana/LakshaPuspaarchana_2_files/editdata.html]
[patwari.org/bd/lakshaPuspaarchana/LakshaPuspaarchana_3_files/filelist.xml]
[patwari.org/bd/lakshaPuspaarchana/LakshaPuspaarchana_3_files/image001.gif]
[patwari.org/bd/lakshaPuspaarchana/LakshaPuspaarchana_4.html]
[patwari.org/bd/lakshaPuspaarchana/LakshaPuspaarchana_3.jpg]
[patwari.org/bd/lakshaPuspaarchana/LakshaPuspaarchana_3.html]
[patwari.org/bd/flood/update_files/filelist.html]
[patwari.org/bd/ImportantUpdate_files/filelist.html]
[patwari.org/bd/RarePictures1_files/editdata.html]
[patwari.org/bd/RarePictures2_files/filelist.xml]
[patwari.org/bd/RarePictures3.html]
[patwari.org/bd/RarePictures2_files/image002.jpg]
[patwari.org/bd/RarePictures2.html]
[patwari.org/bd/pushkar/Alankara of Sri Rayaru - 1_files/editdata.html]
[patwari.org/bd/pushkar/Alankara of Sri Rayaru - 2_files/editdata.html]
[patwari.org/bd/pushkar/Alankara of Sri Rayaru - 3_files/editdata.html]
[patwari.org/bd/pushkar/Alankara of Sri Rayaru - 4_files/editdata.html]
[patwari.org/bd/pushkar/Alankara of Sri Rayaru - 5_files/editdata.html]
[patwari.org/bd/pushkar/Thumbnails.html]
[patwari.org/bd/pushkar/Alankara of Sri Rayaru - 6_files/editdata.html]
[patwari.org/bd/pushkar/Alankara of Sri Rayaru - 7_files/editdata.html]
[patwari.org/bd/pushkar/Bichali during night_files/editdata.html]
[patwari.org/bd/pushkar/Cooking Preparation - 1_files/editdata.html]
[patwari.org/bd/pushkar/Cooking Preparation_files/editdata.html]
[patwari.org/bd/pushkar/Devotees taking Rayaru Darshana - 11_files/editdata.html]
[patwari.org/bd/pushkar/Devotees taking Rayaru Darshana_files/editdata.html]
[patwari.org/bd/pushkar/Devotees taking Rayaru Darshana-1_files/editdata.html]
[patwari.org/bd/pushkar/Discussion Sri Patwari and BadamaRamachari_files/editdata.html]
[patwari.org/bd/pushkar/DSCN1646_files/editdata.html]
[patwari.org/bd/pushkar/DSCN1647_files/editdata.html]
[patwari.org/bd/pushkar/MahaMagalaaruti of Sri Rayaru_files/editdata.html]
[patwari.org/bd/pushkar/MahaPrasaad-1_files/editdata.html]
[patwari.org/bd/pushkar/MahaPrasaad-2_files/editdata.html]
[patwari.org/bd/pushkar/MahaPrasaad-3_files/editdata.html]
[patwari.org/bd/pushkar/MahaPrasaad-4_files/editdata.html]
[patwari.org/bd/pushkar/MahaPrasaad-5_files/editdata.html]
[patwari.org/bd/pushkar/Nagaappa_files/editdata.html]
[patwari.org/bd/pushkar/NarasimhaDevaru_files/editdata.html]
[patwari.org/bd/pushkar/Purshkar fair at Bichali_files/editdata.html]
[patwari.org/bd/pushkar/Pushkar fair at Bichali_files/editdata.html]
[patwari.org/bd/pushkar/Pushkar Holy Bath_files/editdata.html]
[patwari.org/bd/pushkar/Pushkar Holy Dip at TungaBhadra_files/editdata.html]
[patwari.org/bd/pushkar/Pushkar Holy Dip_files/editdata.html]
[patwari.org/bd/pushkar/RayarBrindavana - 1_files/editdata.html]
[patwari.org/bd/pushkar/RayarBrindavana - 10_files/editdata.html]
[patwari.org/bd/pushkar/RayarBrindavana - 2_files/editdata.html]
[patwari.org/bd/pushkar/RayarBrindavana - 3_files/editdata.html]
[patwari.org/bd/pushkar/RayarBrindavana - 4_files/editdata.html]
[patwari.org/bd/pushkar/RayarBrindavana - 5_files/editdata.html]
[patwari.org/bd/pushkar/RayarBrindavana - 6_files/editdata.html]
[patwari.org/bd/pushkar/RayarBrindavana - 7_files/editdata.html]
[patwari.org/bd/pushkar/RayarBrindavana - 8_files/editdata.html]
[patwari.org/bd/pushkar/RayarBrindavana - 9_files/editdata.html]
[patwari.org/bd/pushkar/RubaGundu_files/editdata.html]
[patwari.org/bd/pushkar/Sri and Smt Ramachararu_files/editdata.html]
[patwari.org/bd/Aradhana/Alankara Of Sri Rayaru_1_files/editdata.html]
[patwari.org/bd/Aradhana/Srinivas Devaru_files/filelist.xml]
[patwari.org/bd/Aradhana/Srinivas Devaru_files/image001.gif]
[patwari.org/bd/Aradhana/Shesha Devaru.html]
[patwari.org/bd/Aradhana/Srinivas Devaru.jpg]
[patwari.org/bd/Aradhana/Srinivas Devaru.html]
[patwari.org/bd/Aradhana/Alankara Of Sri Rayaru_2_files/editdata.html]
[patwari.org/bd/Aradhana/Bichali at night_files/editdata.html]
[patwari.org/bd/Aradhana/Gautam Archaka_files/editdata.html]
[patwari.org/bd/Aradhana/Hanumantha Devaru instaled by Rayaru_files/editdata.html]
[patwari.org/bd/Aradhana/Hanumantha Devaru installed by VyasaRajaru_files/editdata.html]
[patwari.org/bd/Aradhana/Hanumantha Devaru_files/editdata.html]
[patwari.org/bd/Aradhana/JapadaKatti_files/editdata.html]
[patwari.org/bd/Aradhana/Narasimha Devaru_files/editdata.html]
[patwari.org/bd/Aradhana/Raya Paduka_files/editdata.html]
[patwari.org/bd/Aradhana/Rayara Brindavana on the day of Madhya Aradhana _ 1_files/editdata.html]
[patwari.org/bd/Aradhana/Rayara Brindavana on the day of Madhya Aradhana_10_files/editdata.html]
[patwari.org/bd/Aradhana/Rayara Brindavana on the day of Madhya Aradhana_11_files/editdata.html]
[patwari.org/bd/Aradhana/Rayara Brindavana on the day of Madhya Aradhana_18_files/editdata.html]
[patwari.org/bd/Aradhana/Rayara Brindavana on the day of Madhya Aradhana_19_files/filelist.xml]
[patwari.org/bd/Aradhana/Rayara Brindavana on the day of Madhya Aradhana_19_files/image001.gif]
[patwari.org/bd/Aradhana/Rayara Brindavana on the day of Madhya Aradhana_2.html]
[patwari.org/bd/Aradhana/Rayara Brindavana on the day of Madhya Aradhana_19.jpg]
[patwari.org/bd/Aradhana/Rayara Brindavana on the day of Madhya Aradhana_19.html]
[patwari.org/bd/RayaruMudra/padma.html]
[patwari.org/bd/RayaruMudra/gadha.jpg]
[patwari.org/bd/RayaruMudra/gadha.html]
[patwari.org/bd/lakshaPuspaarchana/LakshaPuspaarchana_8_files/editdata.html]
[patwari.org/bd/lakshaPuspaarchana/LakshaPuspaarchana_7_files/filelist.xml]
[patwari.org/bd/lakshaPuspaarchana/LakshaPuspaarchana_7_files/image001.gif]
[patwari.org/bd/lakshaPuspaarchana/LakshaPuspaarchana_6.html]
[patwari.org/bd/lakshaPuspaarchana/LakshaPuspaarchana_7.jpg]
[patwari.org/bd/lakshaPuspaarchana/LakshaPuspaarchana_7.html]
[patwari.org/bd/lakshaPuspaarchana/LakshaPuspaarchana_10_files/editdata.html]
[patwari.org/bd/lakshaPuspaarchana/LakshaPuspaarchana_3_files/editdata.html]
[patwari.org/bd/lakshaPuspaarchana/LakshaPuspaarchana_4_files/filelist.xml]
[patwari.org/bd/lakshaPuspaarchana/LakshaPuspaarchana_4_files/image001.gif]
[patwari.org/bd/lakshaPuspaarchana/LakshaPuspaarchana_5.html]
[patwari.org/bd/lakshaPuspaarchana/LakshaPuspaarchana_4.jpg]
[patwari.org/bd/lakshaPuspaarchana/LakshaPuspaarchana_4.html]
[file/C_/SW-TEMP/graya-website/html-files/image001.gif]
[patwari.org/bd/RarePictures2_files/editdata.html]
[patwari.org/bd/RarePictures3_files/filelist.xml]
[patwari.org/bd/RarePictures4.html]
[patwari.org/bd/RarePictures3_files/image002.jpg]
[patwari.org/bd/RarePictures3_files/image004.jpg]
[patwari.org/bd/RarePictures3.html]
[patwari.org/bd/Aradhana/Srinivas Devaru_files/editdata.html]
[patwari.org/bd/Aradhana/Shesha Devaru_files/filelist.xml]
[patwari.org/bd/Aradhana/Shesha Devaru_files/image002.gif]
[patwari.org/bd/Aradhana/Rayaru and Appanacharayaru.html]
[patwari.org/bd/Aradhana/Shesha Devaru.jpg]
[patwari.org/bd/Aradhana/Shesha Devaru.html]
[patwari.org/bd/Aradhana/Alankara of Sri Rayaru - 2.html]
[patwari.org/bd/Aradhana/Rayara Brindavana on the day of Madhya Aradhana_19_files/editdata.html]
[patwari.org/bd/Aradhana/Rayara Brindavana on the day of Madhya Aradhana_2_files/filelist.xml]
[patwari.org/bd/Aradhana/Rayara Brindavana on the day of Madhya Aradhana_2_files/image001.gif]
[patwari.org/bd/Aradhana/Rayara Brindavana on the day of Madhya Aradhana_20.html]
[patwari.org/bd/Aradhana/Rayara Brindavana on the day of Madhya Aradhana_2.jpg]
[patwari.org/bd/Aradhana/Rayara Brindavana on the day of Madhya Aradhana_2.html]
[patwari.org/bd/RayaruMudra/narayana.html]
[patwari.org/bd/RayaruMudra/padma.jpg]
[patwari.org/bd/RayaruMudra/padma.html]
[patwari.org/bd/lakshaPuspaarchana/LakshaPuspaarchana_7_files/editdata.html]
[patwari.org/bd/lakshaPuspaarchana/LakshaPuspaarchana_6_files/filelist.xml]
[patwari.org/bd/lakshaPuspaarchana/LakshaPuspaarchana_6_files/image001.gif]
[patwari.org/bd/lakshaPuspaarchana/LakshaPuspaarchana_6.jpg]
[patwari.org/bd/lakshaPuspaarchana/LakshaPuspaarchana_6.html]
[patwari.org/bd/lakshaPuspaarchana/LakshaPuspaarchana_4_files/editdata.html]
[patwari.org/bd/lakshaPuspaarchana/LakshaPuspaarchana_5_files/filelist.xml]
[patwari.org/bd/lakshaPuspaarchana/LakshaPuspaarchana_5_files/image001.gif]
[patwari.org/bd/lakshaPuspaarchana/LakshaPuspaarchana_5.jpg]
[patwari.org/bd/lakshaPuspaarchana/LakshaPuspaarchana_5.html]
[patwari.org/bd/RarePictures3_files/editdata.html]
[patwari.org/bd/RarePictures4_files/filelist.xml]
[patwari.org/bd/RarePictures5.html]
[patwari.org/bd/RarePictures4_files/image001.jpg]
[patwari.org/bd/RarePictures4_files/image002.jpg]
[patwari.org/bd/RarePictures4.html]
[patwari.org/bd/Aradhana/Shesha Devaru_files/editdata.html]
[patwari.org/bd/Aradhana/Rayaru and Appanacharayaru_files/filelist.xml]
[patwari.org/bd/Aradhana/Rayaru and Appanacharayaru_files/image001.gif]
[patwari.org/bd/Aradhana/Rayara Brindavana on the day of Madhya Aradhana_9.html]
[patwari.org/bd/Aradhana/Rayaru and Appanacharayaru.jpg]
[patwari.org/bd/Aradhana/Rayaru and Appanacharayaru.html]
[patwari.org/bd/Aradhana/Rayara Brindavana on the day of Madhya Aradhana_2_files/editdata.html]
[patwari.org/bd/Aradhana/Rayara Brindavana on the day of Madhya Aradhana_20_files/filelist.xml]
[patwari.org/bd/Aradhana/Rayara Brindavana on the day of Madhya Aradhana_20_files/image001.gif]
[patwari.org/bd/Aradhana/Rayara Brindavana on the day of Madhya Aradhana_21.html]
[patwari.org/bd/Aradhana/Rayara Brindavana on the day of Madhya Aradhana_20.jpg]
[patwari.org/bd/Aradhana/Rayara Brindavana on the day of Madhya Aradhana_20.html]
[patwari.org/bd/RayaruMudra/narayana.jpg]
[patwari.org/bd/RayaruMudra/narayana.html]
[patwari.org/bd/lakshaPuspaarchana/LakshaPuspaarchana_6_files/editdata.html]
[patwari.org/bd/lakshaPuspaarchana/LakshaPuspaarchana_5_files/editdata.html]
[patwari.org/bd/RarePictures4_files/editdata.html]
[patwari.org/bd/RarePictures5_files/filelist.xml]
[patwari.org/bd/RarePictures6.html]
[patwari.org/bd/RarePictures5_files/image001.jpg]
[patwari.org/bd/RarePictures5_files/image002.jpg]
[patwari.org/bd/RarePictures5.html]
[patwari.org/bd/Aradhana/Rayaru and Appanacharayaru_files/editdata.html]
[patwari.org/bd/Aradhana/Rayara Brindavana on the day of Madhya Aradhana_9_files/filelist.xml]
[patwari.org/bd/Aradhana/Rayara Brindavana on the day of Madhya Aradhana_9_files/image001.gif]
[patwari.org/bd/Aradhana/Rayara Brindavana on the day of Madhya Aradhana_8.html]
[patwari.org/bd/Aradhana/Rayara Brindavana on the day of Madhya Aradhana_9.jpg]
[patwari.org/bd/Aradhana/Rayara Brindavana on the day of Madhya Aradhana_9.html]
[patwari.org/bd/Aradhana/Rayara Brindavana on the day of Madhya Aradhana_20_files/editdata.html]
[patwari.org/bd/Aradhana/Rayara Brindavana on the day of Madhya Aradhana_21_files/filelist.xml]
[patwari.org/bd/Aradhana/Rayara Brindavana on the day of Madhya Aradhana_21_files/image001.gif]
[patwari.org/bd/Aradhana/Rayara Brindavana on the day of Madhya Aradhana_22.html]
[patwari.org/bd/Aradhana/Rayara Brindavana on the day of Madhya Aradhana_21.jpg]
[patwari.org/bd/Aradhana/Rayara Brindavana on the day of Madhya Aradhana_21.html]
[patwari.org/bd/RarePictures5_files/editdata.html]
[patwari.org/bd/RarePictures6_files/filelist.xml]
[patwari.org/bd/RarePictures7.html]
[patwari.org/bd/RarePictures6_files/image001.jpg]
[patwari.org/bd/RarePictures6.html]
[patwari.org/bd/Aradhana/Rayara Brindavana on the day of Madhya Aradhana_9_files/editdata.html]
[patwari.org/bd/Aradhana/Rayara Brindavana on the day of Madhya Aradhana_8_files/filelist.xml]
[patwari.org/bd/Aradhana/Rayara Brindavana on the day of Madhya Aradhana_8_files/image001.gif]
[patwari.org/bd/Aradhana/Rayara Brindavana on the day of Madhya Aradhana_7.html]
[patwari.org/bd/Aradhana/Rayara Brindavana on the day of Madhya Aradhana_8.jpg]
[patwari.org/bd/Aradhana/Rayara Brindavana on the day of Madhya Aradhana_8.html]
[patwari.org/bd/Aradhana/Rayara Brindavana on the day of Madhya Aradhana_21_files/editdata.html]
[patwari.org/bd/Aradhana/Rayara Brindavana on the day of Madhya Aradhana_22_files/filelist.xml]
[patwari.org/bd/Aradhana/Rayara Brindavana on the day of Madhya Aradhana_22_files/image001.gif]
[patwari.org/bd/Aradhana/Rayara Brindavana on the day of Madhya Aradhana_23.html]
[patwari.org/bd/Aradhana/Rayara Brindavana on the day of Madhya Aradhana_22.jpg]
[patwari.org/bd/Aradhana/Rayara Brindavana on the day of Madhya Aradhana_22.html]
[patwari.org/bd/RarePictures6_files/editdata.html]
[patwari.org/bd/RarePictures7_files/filelist.xml]
[patwari.org/bd/RarePictures8.html]
[patwari.org/bd/RarePictures7_files/image002.jpg]
[patwari.org/bd/RarePictures7.html]
[patwari.org/bd/Aradhana/Rayara Brindavana on the day of Madhya Aradhana_8_files/editdata.html]
[patwari.org/bd/Aradhana/Rayara Brindavana on the day of Madhya Aradhana_7_files/filelist.xml]
[patwari.org/bd/Aradhana/Rayara Brindavana on the day of Madhya Aradhana_7_files/image001.gif]
[patwari.org/bd/Aradhana/Rayara Brindavana on the day of Madhya Aradhana_6.html]
[patwari.org/bd/Aradhana/Rayara Brindavana on the day of Madhya Aradhana_7.jpg]
[patwari.org/bd/Aradhana/Rayara Brindavana on the day of Madhya Aradhana_7.html]
[patwari.org/bd/Aradhana/Rayara Brindavana on the day of Madhya Aradhana_22_files/editdata.html]
[patwari.org/bd/Aradhana/Rayara Brindavana on the day of Madhya Aradhana_23_files/filelist.xml]
[patwari.org/bd/Aradhana/Rayara Brindavana on the day of Madhya Aradhana_23_files/image001.gif]
[patwari.org/bd/Aradhana/Rayara Brindavana on the day of Madhya Aradhana_25.html]
[patwari.org/bd/Aradhana/Rayara Brindavana on the day of Madhya Aradhana_23.jpg]
[patwari.org/bd/Aradhana/Rayara Brindavana on the day of Madhya Aradhana_23.html]
[patwari.org/bd/RarePictures7_files/editdata.html]
[patwari.org/bd/RarePictures8_files/filelist.xml]
[patwari.org/bd/RarePictures9.html]
[patwari.org/bd/RarePictures8_files/image008.jpg]
[patwari.org/bd/RarePictures8_files/image010.jpg]
[patwari.org/bd/RarePictures8.html]
[patwari.org/bd/Aradhana/Rayara Brindavana on the day of Madhya Aradhana_7_files/editdata.html]
[patwari.org/bd/Aradhana/Rayara Brindavana on the day of Madhya Aradhana_6_files/filelist.xml]
[patwari.org/bd/Aradhana/Rayara Brindavana on the day of Madhya Aradhana_6_files/image001.gif]
[patwari.org/bd/Aradhana/Rayara Brindavana on the day of Madhya Aradhana_4.html]
[patwari.org/bd/Aradhana/Rayara Brindavana on the day of Madhya Aradhana_6.jpg]
[patwari.org/bd/Aradhana/Rayara Brindavana on the day of Madhya Aradhana_6.html]
[patwari.org/bd/Aradhana/Rayara Brindavana on the day of Madhya Aradhana_23_files/editdata.html]
[patwari.org/bd/Aradhana/Rayara Brindavana on the day of Madhya Aradhana_25_files/filelist.xml]
[patwari.org/bd/Aradhana/Rayara Brindavana on the day of Madhya Aradhana_25_files/image001.gif]
[patwari.org/bd/Aradhana/Rayara Brindavana on the day of Madhya Aradhana_26.html]
[patwari.org/bd/Aradhana/Rayara Brindavana on the day of Madhya Aradhana_25.html]
[patwari.org/bd/RarePictures8_files/editdata.html]
[patwari.org/bd/RarePictures9_files/filelist.xml]
[patwari.org/bd/RarePictures10.html]
[patwari.org/bd/RarePictures9_files/image002.jpg]
[patwari.org/bd/RarePictures9.html]
[patwari.org/bd/Aradhana/Rayara Brindavana on the day of Madhya Aradhana_6_files/editdata.html]
[patwari.org/bd/Aradhana/Rayara Brindavana on the day of Madhya Aradhana_4_files/filelist.xml]
[patwari.org/bd/Aradhana/Rayara Brindavana on the day of Madhya Aradhana_4_files/image001.gif]
[patwari.org/bd/Aradhana/Rayara Brindavana on the day of Madhya Aradhana_35.html]
[patwari.org/bd/Aradhana/Rayara Brindavana on the day of Madhya Aradhana_4.jpg]
[patwari.org/bd/Aradhana/Rayara Brindavana on the day of Madhya Aradhana_4.html]
[patwari.org/bd/Aradhana/Rayara Brindavana on the day of Madhya Aradhana_25_files/editdata.html]
[patwari.org/bd/Aradhana/Rayara Brindavana on the day of Madhya Aradhana_26_files/filelist.xml]
[patwari.org/bd/Aradhana/Rayara Brindavana on the day of Madhya Aradhana_26_files/image001.gif]
[patwari.org/bd/Aradhana/Rayara Brindavana on the day of Madhya Aradhana_27.html]
[patwari.org/bd/Aradhana/Rayara Brindavana on the day of Madhya Aradhana_26.jpg]
[patwari.org/bd/Aradhana/Rayara Brindavana on the day of Madhya Aradhana_26.html]
[patwari.org/bd/RarePictures9_files/editdata.html]
[patwari.org/bd/RarePictures10_files/filelist.xml]
[patwari.org/bd/RarePictures11.html]
[patwari.org/bd/RarePictures10_files/image002.jpg]
[patwari.org/bd/RarePictures10.html]
[patwari.org/bd/Aradhana/Rayara Brindavana on the day of Madhya Aradhana_4_files/editdata.html]
[patwari.org/bd/Aradhana/Rayara Brindavana on the day of Madhya Aradhana_35_files/filelist.xml]
[patwari.org/bd/Aradhana/Rayara Brindavana on the day of Madhya Aradhana_35_files/image001.gif]
[patwari.org/bd/Aradhana/Rayara Brindavana on the day of Madhya Aradhana_34.html]
[patwari.org/bd/Aradhana/Rayara Brindavana on the day of Madhya Aradhana_35.jpg]
[patwari.org/bd/Aradhana/Rayara Brindavana on the day of Madhya Aradhana_35.html]
[patwari.org/bd/Aradhana/Rayara Brindavana on the day of Madhya Aradhana_26_files/editdata.html]
[patwari.org/bd/Aradhana/Rayara Brindavana on the day of Madhya Aradhana_27_files/filelist.xml]
[patwari.org/bd/Aradhana/Rayara Brindavana on the day of Madhya Aradhana_27_files/image001.gif]
[patwari.org/bd/Aradhana/Rayara Brindavana on the day of Madhya Aradhana_28.html]
[patwari.org/bd/Aradhana/Rayara Brindavana on the day of Madhya Aradhana_27.jpg]
[patwari.org/bd/Aradhana/Rayara Brindavana on the day of Madhya Aradhana_27.html]
[patwari.org/bd/RarePictures10_files/editdata.html]
[patwari.org/bd/RarePictures11_files/filelist.xml]
[patwari.org/bd/RarePictures11_files/image002.jpg]
[patwari.org/bd/RarePictures11.html]
[patwari.org/bd/Aradhana/Rayara Brindavana on the day of Madhya Aradhana_35_files/editdata.html]
[patwari.org/bd/Aradhana/Rayara Brindavana on the day of Madhya Aradhana_34_files/filelist.xml]
[patwari.org/bd/Aradhana/Rayara Brindavana on the day of Madhya Aradhana_34_files/image001.gif]
[patwari.org/bd/Aradhana/Rayara Brindavana on the day of Madhya Aradhana_33.html]
[patwari.org/bd/Aradhana/Rayara Brindavana on the day of Madhya Aradhana_34.jpg]
[patwari.org/bd/Aradhana/Rayara Brindavana on the day of Madhya Aradhana_34.html]
[patwari.org/bd/Aradhana/Rayara Brindavana on the day of Madhya Aradhana_27_files/editdata.html]
[patwari.org/bd/Aradhana/Rayara Brindavana on the day of Madhya Aradhana_28_files/filelist.xml]
[patwari.org/bd/Aradhana/Rayara Brindavana on the day of Madhya Aradhana_28_files/image001.gif]
[patwari.org/bd/Aradhana/Rayara Brindavana on the day of Madhya Aradhana_29.html]
[patwari.org/bd/Aradhana/Rayara Brindavana on the day of Madhya Aradhana_28.jpg]
[patwari.org/bd/Aradhana/Rayara Brindavana on the day of Madhya Aradhana_28.html]
[patwari.org/bd/RarePictures11_files/editdata.html]
[patwari.org/bd/Aradhana/Rayara Brindavana on the day of Madhya Aradhana_34_files/editdata.html]
[patwari.org/bd/Aradhana/Rayara Brindavana on the day of Madhya Aradhana_33_files/filelist.xml]
[patwari.org/bd/Aradhana/Rayara Brindavana on the day of Madhya Aradhana_33_files/image001.gif]
[patwari.org/bd/Aradhana/Rayara Brindavana on the day of Madhya Aradhana_32.html]
[patwari.org/bd/Aradhana/Rayara Brindavana on the day of Madhya Aradhana_33.jpg]
[patwari.org/bd/Aradhana/Rayara Brindavana on the day of Madhya Aradhana_33.html]
[patwari.org/bd/Aradhana/Rayara Brindavana on the day of Madhya Aradhana_28_files/editdata.html]
[patwari.org/bd/Aradhana/Rayara Brindavana on the day of Madhya Aradhana_29_files/filelist.xml]
[patwari.org/bd/Aradhana/Rayara Brindavana on the day of Madhya Aradhana_29_files/image001.gif]
[patwari.org/bd/Aradhana/Rayara Brindavana on the day of Madhya Aradhana_3.html]
[patwari.org/bd/Aradhana/Rayara Brindavana on the day of Madhya Aradhana_29.jpg]
[patwari.org/bd/Aradhana/Rayara Brindavana on the day of Madhya Aradhana_29.html]
[patwari.org/bd/Aradhana/Rayara Brindavana on the day of Madhya Aradhana_33_files/editdata.html]
[patwari.org/bd/Aradhana/Rayara Brindavana on the day of Madhya Aradhana_32_files/filelist.xml]
[patwari.org/bd/Aradhana/Rayara Brindavana on the day of Madhya Aradhana_32_files/image001.gif]
[patwari.org/bd/Aradhana/Rayara Brindavana on the day of Madhya Aradhana_31.html]
[patwari.org/bd/Aradhana/Rayara Brindavana on the day of Madhya Aradhana_32.jpg]
[patwari.org/bd/Aradhana/Rayara Brindavana on the day of Madhya Aradhana_32.html]
[patwari.org/bd/Aradhana/Rayara Brindavana on the day of Madhya Aradhana_29_files/editdata.html]
[patwari.org/bd/Aradhana/Rayara Brindavana on the day of Madhya Aradhana_3_files/filelist.xml]
[patwari.org/bd/Aradhana/Rayara Brindavana on the day of Madhya Aradhana_3_files/image001.gif]
[patwari.org/bd/Aradhana/Rayara Brindavana on the day of Madhya Aradhana_30.html]
[patwari.org/bd/Aradhana/Rayara Brindavana on the day of Madhya Aradhana_3.jpg]
[patwari.org/bd/Aradhana/Rayara Brindavana on the day of Madhya Aradhana_3.html]
[patwari.org/bd/Aradhana/Rayara Brindavana on the day of Madhya Aradhana_32_files/editdata.html]
[patwari.org/bd/Aradhana/Rayara Brindavana on the day of Madhya Aradhana_31_files/filelist.xml]
[patwari.org/bd/Aradhana/Rayara Brindavana on the day of Madhya Aradhana_31_files/image001.gif]
[patwari.org/bd/Aradhana/Rayara Brindavana on the day of Madhya Aradhana_31.jpg]
[patwari.org/bd/Aradhana/Rayara Brindavana on the day of Madhya Aradhana_31.html]
[patwari.org/bd/Aradhana/Rayara Brindavana on the day of Madhya Aradhana_3_files/editdata.html]
[patwari.org/bd/Aradhana/Rayara Brindavana on the day of Madhya Aradhana_30_files/filelist.xml]
[patwari.org/bd/Aradhana/Rayara Brindavana on the day of Madhya Aradhana_30_files/image001.gif]
[patwari.org/bd/Aradhana/Rayara Brindavana on the day of Madhya Aradhana_30.jpg]
[patwari.org/bd/Aradhana/Rayara Brindavana on the day of Madhya Aradhana_30.html]
[patwari.org/bd/Aradhana/Rayara Brindavana on the day of Madhya Aradhana_31_files/editdata.html]
[patwari.org/bd/Aradhana/Rayara Brindavana on the day of Madhya Aradhana_30_files/editdata.html]
